// Jest Snapshot v1, https://goo.gl/fbAQLP

exports[`umi-plugin-antd-react-native should write antd-react-native/runtime.ts 1`] = `
<Provider
  theme={
    Object {
      "color_text_base": "#333333",
      "fill_base": "#f6f6f6",
    }
  }
/>
`;
