// Jest Snapshot v1, https://goo.gl/fbAQLP

exports[`umi-preset-react-navigation should write react-navigation/exports.ts 1`] = `
"export {
  useNavigation,
  useRoute,
  useFocusEffect,
  useNavigationState,
  useIsFocused,
  useLinkTo,
  useLinkProps,
  useLinkBuilder,
  useLinking,
  useScrollToTop,
  useTheme,
  CommonActions,
  StackActions,
  DrawerActions,
  TabActions,
} from '/Users/xuyuanxiang/Workspaces/Github/xuyuanxiang/umi-react-native/node_modules/@react-navigation/native';

export {
  Header,
  HeaderBackButton,
  HeaderBackground,
  HeaderTitle,
  useGestureHandlerRef,
  useCardAnimation,
  useHeaderHeight,
} from '/Users/xuyuanxiang/Workspaces/Github/xuyuanxiang/umi-react-native/node_modules/@react-navigation/stack';

"
`;

exports[`umi-preset-react-navigation should write react-navigation/runtime.ts 1`] = `
<View
  pointerEvents="box-none"
  style={
    Object {
      "flex": 1,
    }
  }
>
  <View
    collapsable={true}
    pointerEvents="box-none"
    style={
      Object {
        "flex": 1,
      }
    }
  >
    <Text>
      Loading...
    </Text>
  </View>
</View>
`;
